Log started at: 2024-11-04 20:07:33
%%%%%%%%%%% STARTING IMIDAZOLE U_IND CALCULATION %%%%%%%%%%%%
-=-=-=-=-=-=-=-=-=-=-=-=-=-=-=-=-=-=-=-=-=-=-=-=-=-=-=-=-=-=-=-=-=
=-=-=-=-=-=-=-=-=-=-=-=-OpenMM Output-=-=-=-=-=-=-=-=-=-=-=-=-=-=-=-=-=
total Energy = -5.476830780506134 kJ/mol
<class 'openmm.openmm.NonbondedForce'>-6.050586700439453 kJ/mol
<class 'openmm.openmm.DrudeForce'>0.5737559199333191 kJ/mol
<class 'openmm.openmm.CMMotionRemover'>0.0 kJ/mol
Unable to initialize backend 'rocm': module 'jaxlib.xla_extension' has no attribute 'GpuAllocatorConfig'
Unable to initialize backend 'tpu': INTERNAL: Failed to open libtpu.so: libtpu.so: cannot open shared object file: No such file or directory
JAXOPT.BFGS Minimizer completed in 23.025 seconds!!
OpenMM U_ind = -5.4768 kJ/mol
Python U_ind = -19.8161 kJ/mol
72.36% Error
=-=-=-=-=-=-=-=-=-=-=-=-=-=-=-=-=-=-=-=-=-=-=-=-=-=-=-=-=-=-=-=-=-=-=-=

Log started at: 2025-02-12 10:37:46
Log started at: 2025-02-12 10:37:56
%%%%%%%%%%% STARTING WATER U_IND CALCULATION %%%%%%%%%%%%
-=-=-=-=-=-=-=-=-=-=-=-=-=-=-=-=-=-=-=-=-=-=-=-=-=-=-=-=-=-=-=-=-=
Log started at: 2025-02-12 10:38:12
%%%%%%%%%%% STARTING WATER U_IND CALCULATION %%%%%%%%%%%%
-=-=-=-=-=-=-=-=-=-=-=-=-=-=-=-=-=-=-=-=-=-=-=-=-=-=-=-=-=-=-=-=-=
Log started at: 2025-02-12 11:28:39
%%%%%%%%%%% STARTING WATER U_IND CALCULATION %%%%%%%%%%%%
-=-=-=-=-=-=-=-=-=-=-=-=-=-=-=-=-=-=-=-=-=-=-=-=-=-=-=-=-=-=-=-=-=
=-=-=-=-=-=-=-=-=-=-=-=-OpenMM Output-=-=-=-=-=-=-=-=-=-=-=-=-=-=-=-=-=
total Energy = -24.14799427986145 kJ/mol
<class 'openmm.openmm.NonbondedForce'>-26.1219482421875 kJ/mol
<class 'openmm.openmm.DrudeForce'>1.9739539623260498 kJ/mol
<class 'openmm.openmm.CMMotionRemover'>0.0 kJ/mol
Unable to initialize backend 'rocm': module 'jaxlib.xla_extension' has no attribute 'GpuAllocatorConfig'
Unable to initialize backend 'tpu': INTERNAL: Failed to open libtpu.so: libtpu.so: cannot open shared object file: No such file or directory
JAXOPT.BFGS Minimizer completed in 9.719 seconds!!
OpenMM U_ind = -24.1480 kJ/mol
Python U_ind = -24.1479 kJ/mol
0.00% Error
=-=-=-=-=-=-=-=-=-=-=-=-=-=-=-=-=-=-=-=-=-=-=-=-=-=-=-=-=-=-=-=-=-=-=-=

Log started at: 2025-02-12 11:29:43
%%%%%%%%%%% STARTING WATER U_IND CALCULATION %%%%%%%%%%%%
-=-=-=-=-=-=-=-=-=-=-=-=-=-=-=-=-=-=-=-=-=-=-=-=-=-=-=-=-=-=-=-=-=
Log started at: 2025-02-12 11:31:29
%%%%%%%%%%% STARTING WATER U_IND CALCULATION %%%%%%%%%%%%
-=-=-=-=-=-=-=-=-=-=-=-=-=-=-=-=-=-=-=-=-=-=-=-=-=-=-=-=-=-=-=-=-=
Log started at: 2025-02-12 11:32:16
%%%%%%%%%%% STARTING WATER U_IND CALCULATION %%%%%%%%%%%%
-=-=-=-=-=-=-=-=-=-=-=-=-=-=-=-=-=-=-=-=-=-=-=-=-=-=-=-=-=-=-=-=-=
Log started at: 2025-02-12 11:33:47
%%%%%%%%%%% STARTING WATER U_IND CALCULATION %%%%%%%%%%%%
-=-=-=-=-=-=-=-=-=-=-=-=-=-=-=-=-=-=-=-=-=-=-=-=-=-=-=-=-=-=-=-=-=
Log started at: 2025-02-12 11:34:04
%%%%%%%%%%% STARTING WATER U_IND CALCULATION %%%%%%%%%%%%
-=-=-=-=-=-=-=-=-=-=-=-=-=-=-=-=-=-=-=-=-=-=-=-=-=-=-=-=-=-=-=-=-=
Log started at: 2025-02-12 11:34:28
%%%%%%%%%%% STARTING WATER U_IND CALCULATION %%%%%%%%%%%%
-=-=-=-=-=-=-=-=-=-=-=-=-=-=-=-=-=-=-=-=-=-=-=-=-=-=-=-=-=-=-=-=-=
=-=-=-=-=-=-=-=-=-=-=-=-OpenMM Output-=-=-=-=-=-=-=-=-=-=-=-=-=-=-=-=-=
total Energy = -24.14799427986145 kJ/mol
<class 'openmm.openmm.NonbondedForce'>-26.1219482421875 kJ/mol
<class 'openmm.openmm.DrudeForce'>1.9739539623260498 kJ/mol
<class 'openmm.openmm.CMMotionRemover'>0.0 kJ/mol
torchmin.BFGS Minimizer completed in 0.513 seconds!!
OpenMM U_ind = -24.1480 kJ/mol
Python U_ind = -24.1479 kJ/mol
0.00% Error
=-=-=-=-=-=-=-=-=-=-=-=-=-=-=-=-=-=-=-=-=-=-=-=-=-=-=-=-=-=-=-=-=-=-=-=

Log started at: 2025-02-12 11:35:06
%%%%%%%%%%% STARTING WATER U_IND CALCULATION %%%%%%%%%%%%
-=-=-=-=-=-=-=-=-=-=-=-=-=-=-=-=-=-=-=-=-=-=-=-=-=-=-=-=-=-=-=-=-=
=-=-=-=-=-=-=-=-=-=-=-=-OpenMM Output-=-=-=-=-=-=-=-=-=-=-=-=-=-=-=-=-=
total Energy = -24.14799427986145 kJ/mol
<class 'openmm.openmm.NonbondedForce'>-26.1219482421875 kJ/mol
<class 'openmm.openmm.DrudeForce'>1.9739539623260498 kJ/mol
<class 'openmm.openmm.CMMotionRemover'>0.0 kJ/mol
torchmin.BFGS Minimizer completed in 0.014 seconds!!
OpenMM U_ind = -24.1480 kJ/mol
PyTorch U_ind = -24.1479 kJ/mol
0.00% Error
=-=-=-=-=-=-=-=-=-=-=-=-=-=-=-=-=-=-=-=-=-=-=-=-=-=-=-=-=-=-=-=-=-=-=-=

Log started at: 2025-02-12 11:53:31
%%%%%%%%%%% STARTING WATER U_IND CALCULATION %%%%%%%%%%%%
-=-=-=-=-=-=-=-=-=-=-=-=-=-=-=-=-=-=-=-=-=-=-=-=-=-=-=-=-=-=-=-=-=
=-=-=-=-=-=-=-=-=-=-=-=-OpenMM Output-=-=-=-=-=-=-=-=-=-=-=-=-=-=-=-=-=
total Energy = -24.14799427986145 kJ/mol
<class 'openmm.openmm.NonbondedForce'>-26.1219482421875 kJ/mol
<class 'openmm.openmm.DrudeForce'>1.9739539623260498 kJ/mol
<class 'openmm.openmm.CMMotionRemover'>0.0 kJ/mol
torchmin.BFGS Minimizer completed in 0.124 seconds!!
OpenMM U_ind = -24.1480 kJ/mol
PyTorch U_ind = -24.1479 kJ/mol
0.00% Error
=-=-=-=-=-=-=-=-=-=-=-=-=-=-=-=-=-=-=-=-=-=-=-=-=-=-=-=-=-=-=-=-=-=-=-=

